[0m13:05:34.704415 [debug] [MainThread]: Sending event: {'category': 'dbt', 'action': 'invocation', 'label': 'start', 'context': [<snowplow_tracker.self_describing_json.SelfDescribingJson object at 0x107d34440>, <snowplow_tracker.self_describing_json.SelfDescribingJson object at 0x118fd3750>, <snowplow_tracker.self_describing_json.SelfDescribingJson object at 0x118fd3890>]}


============================== 13:05:34.706600 | c7eff7ae-0820-483d-8792-ffef3e2b0c51 ==============================
[0m13:05:34.706600 [info ] [MainThread]: Running with dbt=1.11.2
[0m13:05:34.706838 [debug] [MainThread]: running dbt with arguments {'quiet': 'False', 'use_colors': 'True', 'printer_width': '80', 'static_parser': 'True', 'write_json': 'True', 'empty': 'None', 'log_path': 'logs', 'fail_fast': 'False', 'log_cache_events': 'False', 'introspect': 'True', 'send_anonymous_usage_stats': 'True', 'target_path': 'None', 'partial_parse': 'True', 'use_experimental_parser': 'False', 'indirect_selection': 'eager', 'debug': 'False', 'version_check': 'True', 'cache_selected_only': 'False', 'profiles_dir': '/Users/vaibhavkumar/.dbt', 'warn_error_options': 'WarnErrorOptionsV2(error=[], warn=[], silence=[])', 'log_format': 'default', 'invocation_command': 'dbt init movie', 'warn_error': 'None', 'no_print': 'None'}
[0m13:05:34.713936 [debug] [MainThread]: Starter project path: /Users/vaibhavkumar/Documents/Projects/End-to-End-DBT-Project/dbt-proj-files/.venv/lib/python3.13/site-packages/dbt/include/starter_project
[0m13:05:34.717044 [info ] [MainThread]: 
Your new dbt project "movie" was created!

For more information on how to configure the profiles.yml file,
please consult the dbt documentation here:

  https://docs.getdbt.com/docs/configure-your-profile

One more thing:

Need help? Don't hesitate to reach out to us via GitHub issues or on Slack:

  https://community.getdbt.com/

Happy modeling!

[0m13:05:34.717251 [info ] [MainThread]: Setting up your profile.
[0m13:10:08.454541 [info ] [MainThread]: Profile movie written to /Users/vaibhavkumar/.dbt/profiles.yml using target's profile_template.yml and your supplied values. Run 'dbt debug' to validate the connection.
[0m13:10:08.460544 [debug] [MainThread]: Resource report: {"command_name": "init", "command_success": true, "command_wall_clock_time": 273.78024, "process_in_blocks": "0", "process_kernel_time": 0.166154, "process_mem_max_rss": "132251648", "process_out_blocks": "0", "process_user_time": 0.701734}
[0m13:10:08.464222 [debug] [MainThread]: Command `dbt init` succeeded at 13:10:08.463905 after 273.78 seconds
[0m13:10:08.465195 [debug] [MainThread]: Sending event: {'category': 'dbt', 'action': 'invocation', 'label': 'end', 'context': [<snowplow_tracker.self_describing_json.SelfDescribingJson object at 0x11a7528b0>, <snowplow_tracker.self_describing_json.SelfDescribingJson object at 0x11a7ccef0>, <snowplow_tracker.self_describing_json.SelfDescribingJson object at 0x11a7b4c00>]}
[0m13:10:08.465816 [debug] [MainThread]: Flushing usage events
[0m13:10:09.066594 [debug] [MainThread]: An error was encountered while trying to flush usage events
